// Jest Snapshot v1, https://goo.gl/fbAQLP

exports[`NotificationProvider should render NotificationProvider component 1`] = `
<DocumentFragment>
  <div>
    children
  </div>
</DocumentFragment>
`;
